{smcl}
{com}{sf}{ul off}{txt}{.-}
      name:  {res}<unnamed>
       {txt}log:  {res}/Users/tranngocmai/Documents/ULAVAL/A-2019/recherche/avril 2020/chay stata/dữ liệu khác/01.11.smcl
  {txt}log type:  {res}smcl
 {txt}opened on:  {res} 1 Nov 2020, 00:36:09

{com}. drop vietnam1

. drop partner1

. drop countrypair1

. encode vietnam, gen(vietnam1)

. encode investorcountry, gen(partner1)

. egen countrypair1=group(vietnam1 partner1)

. xtset countrypair1 year
{res}{txt}{col 8}panel variable:  {res}countrypair1 (strongly balanced)
{txt}{col 9}time variable:  {res}{col 25}year, 1995 to 2018
{txt}{col 17}delta:  {res}1 unit

{com}. 
. xtdescribe

{txt}countrypair1:  {res}1{txt}, {res}2{txt}, ..., {res}91                                 {txt}n ={res}         91
    {txt}year:  {res}1995, 1996, ..., 2018                             {txt}T ={res}         24
           {txt}Delta(year) = {res}1 unit
           {txt}Span(year)  = {res}24 periods
           {txt}(countrypair1*year uniquely identifies each observation)

Distribution of T_i:   min      5%     25%       50%       75%     95%     max
                    {res}    24      24      24        24        24      24      24

{txt}{col 6}Freq.  Percent    Cum. {c |}  Pattern
 {hline 27}{c +}{c -}{c -}{hline 24}
{res}       91    100.00  100.00{txt} {c |}  {res}111111111111111111111111
{txt} {hline 27}{c +}{c -}{c -}{hline 24}
{res}       91    100.00        {txt} {c |}  {res}XXXXXXXXXXXXXXXXXXXXXXXX

{com}. xtprobit ProbIDE gdp_investor gdp_vietnam dist contig pop_d pop_o gatt_d eu_d, re vce(robust)

{txt}Fitting comparison model:

{res}{txt}Iteration 0:{space 3}log pseudolikelihood = {res:-1504.8458}  
Iteration 1:{space 3}log pseudolikelihood = {res:-1281.8755}  
Iteration 2:{space 3}log pseudolikelihood = {res:-1189.1217}  
Iteration 3:{space 3}log pseudolikelihood = {res:-1175.5073}  
Iteration 4:{space 3}log pseudolikelihood = {res: -1175.426}  
Iteration 5:{space 3}log pseudolikelihood = {res: -1175.426}  
{res}
{txt}Fitting full model:

rho = {res} 0.0     {txt}log pseudolikelihood = {res} -1175.426
{txt}rho = {res} 0.1     {txt}log pseudolikelihood = {res}-970.95862
{txt}rho = {res} 0.2     {txt}log pseudolikelihood = {res}-913.23933
{txt}rho = {res} 0.3     {txt}log pseudolikelihood = {res}-887.89844
{txt}rho = {res} 0.4     {txt}log pseudolikelihood = {res}-875.09556
{txt}rho = {res} 0.5     {txt}log pseudolikelihood = {res}-870.00273
{txt}rho = {res} 0.6     {txt}log pseudolikelihood = {res}-876.70882

{txt}Iteration 0:{space 3}log pseudolikelihood = {res:-869.99708}  
Iteration 1:{space 3}log pseudolikelihood = {res:-853.27922}  
Iteration 2:{space 3}log pseudolikelihood = {res:-853.01575}  
Iteration 3:{space 3}log pseudolikelihood = {res:-853.01344}  
Iteration 4:{space 3}log pseudolikelihood = {res:-853.01344}  
{res}
{txt}Calculating robust standard errors:

Random-effects probit regression{col 49}Number of obs{col 67}={col 69}{res}     2,184
{txt}Group variable: {res}countrypair1{col 49}{txt}Number of groups{col 67}={col 69}{res}        91

{txt}Random effects u_i ~ {res}Gaussian{txt}{col 49}Obs per group:
{col 63}min{col 67}={col 69}{res}        24
{txt}{col 63}avg{col 67}={col 69}{res}      24.0
{txt}{col 63}max{col 67}={col 69}{res}        24

{txt}Integration method: {res}mvaghermite{txt}{col 49}Integration pts.{col 67}={col 70}{res}       12

{txt}{col 49}Wald chi2({res}6{txt}){col 67}={col 70}{res}        .
{txt}Log pseudolikelihood  = {res}-853.01344{col 49}{txt}Prob > chi2{col 67}={res}{col 73}     .

{txt}{ralign 78:(Std. Err. adjusted for {res:91} clusters in countrypair1)}
{hline 13}{c TT}{hline 11}{hline 11}{hline 9}{hline 8}{hline 13}{hline 12}
{col 14}{c |}{col 26}    Robust
{col 1}     ProbIDE{col 14}{c |}      Coef.{col 26}   Std. Err.{col 38}      z{col 46}   P>|z|{col 54}     [95% Con{col 67}f. Interval]
{hline 13}{c +}{hline 11}{hline 11}{hline 9}{hline 8}{hline 13}{hline 12}
gdp_investor {c |}{col 14}{res}{space 2} 1.24e-12{col 26}{space 2} 3.28e-13{col 37}{space 1}    3.78{col 46}{space 3}0.000{col 54}{space 4} 5.97e-13{col 67}{space 3} 1.88e-12
{txt}{space 1}gdp_vietnam {c |}{col 14}{res}{space 2}-1.57e-12{col 26}{space 2} 1.76e-12{col 37}{space 1}   -0.89{col 46}{space 3}0.371{col 54}{space 4}-5.01e-12{col 67}{space 3} 1.87e-12
{txt}{space 8}dist {c |}{col 14}{res}{space 2} -.000116{col 26}{space 2} .0000349{col 37}{space 1}   -3.32{col 46}{space 3}0.001{col 54}{space 4}-.0001844{col 67}{space 3}-.0000475
{txt}{space 6}contig {c |}{col 14}{res}{space 2}-.5098993{col 26}{space 2} .4669857{col 37}{space 1}   -1.09{col 46}{space 3}0.275{col 54}{space 4}-1.425174{col 67}{space 3} .4053759
{txt}{space 7}pop_d {c |}{col 14}{res}{space 2} .0023987{col 26}{space 2} .0009017{col 37}{space 1}    2.66{col 46}{space 3}0.008{col 54}{space 4} .0006314{col 67}{space 3}  .004166
{txt}{space 7}pop_o {c |}{col 14}{res}{space 2} .0748409{col 26}{space 2} .0221756{col 37}{space 1}    3.37{col 46}{space 3}0.001{col 54}{space 4} .0313775{col 67}{space 3} .1183042
{txt}{space 6}gatt_d {c |}{col 14}{res}{space 2} .0123653{col 26}{space 2} .1101083{col 37}{space 1}    0.11{col 46}{space 3}0.911{col 54}{space 4} -.203443{col 67}{space 3} .2281736
{txt}{space 8}eu_d {c |}{col 14}{res}{space 2}-.1937483{col 26}{space 2}  .096011{col 37}{space 1}   -2.02{col 46}{space 3}0.044{col 54}{space 4}-.3819264{col 67}{space 3}-.0055703
{txt}{space 7}_cons {c |}{col 14}{res}{space 2}-5.652584{col 26}{space 2} 1.694285{col 37}{space 1}   -3.34{col 46}{space 3}0.001{col 54}{space 4} -8.97332{col 67}{space 3}-2.331847
{txt}{hline 13}{c +}{hline 11}{hline 11}{hline 9}{hline 8}{hline 13}{hline 12}
    /lnsig2u {c |}{col 14}{res}{space 2} .3696754{col 26}{space 2} .1795315{col 54}{space 4} .0178002{col 67}{space 3} .7215506
{txt}{hline 13}{c +}{hline 11}{hline 11}{hline 9}{hline 8}{hline 13}{hline 12}
{col 1}     sigma_u{col 14}{c |}{res}{space 2} 1.203023{col 26}{space 2} .1079903{col 54}{space 4}  1.00894{col 67}{space 3} 1.434441
{col 1}{txt}         rho{col 14}{c |}{res}{space 2} .5913805{col 26}{space 2} .0433837{col 54}{space 4} .5044499{col 67}{space 3} .6729484
{txt}{hline 13}{c BT}{hline 11}{hline 11}{hline 9}{hline 8}{hline 13}{hline 12}

{com}. estimates store probit1

. xtprobit ProbIDE dist rta contig pop_d pop_o gatt_d eu_d, re vce(robust)

{txt}Fitting comparison model:

{res}{txt}Iteration 0:{space 3}log pseudolikelihood = {res:-1504.8458}  
Iteration 1:{space 3}log pseudolikelihood = {res: -1355.406}  
Iteration 2:{space 3}log pseudolikelihood = {res:-1334.2331}  
Iteration 3:{space 3}log pseudolikelihood = {res:-1332.9802}  
Iteration 4:{space 3}log pseudolikelihood = {res:-1332.9797}  
Iteration 5:{space 3}log pseudolikelihood = {res:-1332.9797}  
{res}
{txt}Fitting full model:

rho = {res} 0.0     {txt}log pseudolikelihood = {res}-1332.9797
{txt}rho = {res} 0.1     {txt}log pseudolikelihood = {res}-1041.9393
{txt}rho = {res} 0.2     {txt}log pseudolikelihood = {res} -957.9678
{txt}rho = {res} 0.3     {txt}log pseudolikelihood = {res}-918.17274
{txt}rho = {res} 0.4     {txt}log pseudolikelihood = {res}-896.74827
{txt}rho = {res} 0.5     {txt}log pseudolikelihood = {res}-886.62494
{txt}rho = {res} 0.6     {txt}log pseudolikelihood = {res}-885.62223
{txt}rho = {res} 0.7     {txt}log pseudolikelihood = {res}-895.42525

{txt}Iteration 0:{space 3}log pseudolikelihood = {res:-880.68321}  
Iteration 1:{space 3}log pseudolikelihood = {res:-862.45661}  
Iteration 2:{space 3}log pseudolikelihood = {res:-862.25472}  
Iteration 3:{space 3}log pseudolikelihood = {res:-862.25414}  
Iteration 4:{space 3}log pseudolikelihood = {res:-862.25414}  
{res}
{txt}Calculating robust standard errors:

Random-effects probit regression{col 49}Number of obs{col 67}={col 69}{res}     2,184
{txt}Group variable: {res}countrypair1{col 49}{txt}Number of groups{col 67}={col 69}{res}        91

{txt}Random effects u_i ~ {res}Gaussian{txt}{col 49}Obs per group:
{col 63}min{col 67}={col 69}{res}        24
{txt}{col 63}avg{col 67}={col 69}{res}      24.0
{txt}{col 63}max{col 67}={col 69}{res}        24

{txt}Integration method: {res}mvaghermite{txt}{col 49}Integration pts.{col 67}={col 70}{res}       12

{txt}{col 49}Wald chi2({res}7{txt}){col 67}={col 70}{res}   161.97
{txt}Log pseudolikelihood  = {res}-862.25414{col 49}{txt}Prob > chi2{col 67}={res}{col 73}0.0000

{txt}{ralign 78:(Std. Err. adjusted for {res:91} clusters in countrypair1)}
{hline 13}{c TT}{hline 11}{hline 11}{hline 9}{hline 8}{hline 13}{hline 12}
{col 14}{c |}{col 26}    Robust
{col 1}     ProbIDE{col 14}{c |}      Coef.{col 26}   Std. Err.{col 38}      z{col 46}   P>|z|{col 54}     [95% Con{col 67}f. Interval]
{hline 13}{c +}{hline 11}{hline 11}{hline 9}{hline 8}{hline 13}{hline 12}
{space 8}dist {c |}{col 14}{res}{space 2}-.0001068{col 26}{space 2}  .000038{col 37}{space 1}   -2.81{col 46}{space 3}0.005{col 54}{space 4}-.0001812{col 67}{space 3}-.0000324
{txt}{space 9}rta {c |}{col 14}{res}{space 2} -.860991{col 26}{space 2} .3590712{col 37}{space 1}   -2.40{col 46}{space 3}0.016{col 54}{space 4}-1.564758{col 67}{space 3}-.1572244
{txt}{space 6}contig {c |}{col 14}{res}{space 2}-.1730308{col 26}{space 2} .4987137{col 37}{space 1}   -0.35{col 46}{space 3}0.729{col 54}{space 4}-1.150492{col 67}{space 3} .8044301
{txt}{space 7}pop_d {c |}{col 14}{res}{space 2} .0114049{col 26}{space 2} .0031361{col 37}{space 1}    3.64{col 46}{space 3}0.000{col 54}{space 4} .0052583{col 67}{space 3} .0175515
{txt}{space 7}pop_o {c |}{col 14}{res}{space 2} .0730194{col 26}{space 2} .0090191{col 37}{space 1}    8.10{col 46}{space 3}0.000{col 54}{space 4} .0553423{col 67}{space 3} .0906965
{txt}{space 6}gatt_d {c |}{col 14}{res}{space 2} .0155558{col 26}{space 2} .1125412{col 37}{space 1}    0.14{col 46}{space 3}0.890{col 54}{space 4} -.205021{col 67}{space 3} .2361325
{txt}{space 8}eu_d {c |}{col 14}{res}{space 2}-.1917629{col 26}{space 2} .0912288{col 37}{space 1}   -2.10{col 46}{space 3}0.036{col 54}{space 4} -.370568{col 67}{space 3}-.0129578
{txt}{space 7}_cons {c |}{col 14}{res}{space 2}-5.436705{col 26}{space 2} .8522054{col 37}{space 1}   -6.38{col 46}{space 3}0.000{col 54}{space 4}-7.106997{col 67}{space 3}-3.766413
{txt}{hline 13}{c +}{hline 11}{hline 11}{hline 9}{hline 8}{hline 13}{hline 12}
    /lnsig2u {c |}{col 14}{res}{space 2}  .721751{col 26}{space 2} .1795915{col 54}{space 4} .3697581{col 67}{space 3} 1.073744
{txt}{hline 13}{c +}{hline 11}{hline 11}{hline 9}{hline 8}{hline 13}{hline 12}
{col 1}     sigma_u{col 14}{c |}{res}{space 2} 1.434585{col 26}{space 2} .1288197{col 54}{space 4} 1.203073{col 67}{space 3} 1.710648
{col 1}{txt}         rho{col 14}{c |}{res}{space 2} .6729925{col 26}{space 2} .0395234{col 54}{space 4} .5914005{col 67}{space 3} .7453083
{txt}{hline 13}{c BT}{hline 11}{hline 11}{hline 9}{hline 8}{hline 13}{hline 12}

{com}. estimates store probit2

. 
. xtprobit ProbIDE dist bit contig pop_d pop_o gatt_d eu_d, re vce(robust)

{txt}Fitting comparison model:

{res}{txt}Iteration 0:{space 3}log pseudolikelihood = {res:-1504.8458}  
Iteration 1:{space 3}log pseudolikelihood = {res:-1360.2613}  
Iteration 2:{space 3}log pseudolikelihood = {res:-1347.5168}  
Iteration 3:{space 3}log pseudolikelihood = {res:-1346.6785}  
Iteration 4:{space 3}log pseudolikelihood = {res:-1346.6784}  
{res}
{txt}Fitting full model:

rho = {res} 0.0     {txt}log pseudolikelihood = {res}-1346.6784
{txt}rho = {res} 0.1     {txt}log pseudolikelihood = {res} -1050.556
{txt}rho = {res} 0.2     {txt}log pseudolikelihood = {res}-964.85297
{txt}rho = {res} 0.3     {txt}log pseudolikelihood = {res}-924.24681
{txt}rho = {res} 0.4     {txt}log pseudolikelihood = {res}-902.15505
{txt}rho = {res} 0.5     {txt}log pseudolikelihood = {res} -891.2312
{txt}rho = {res} 0.6     {txt}log pseudolikelihood = {res} -890.4748
{txt}rho = {res} 0.7     {txt}log pseudolikelihood = {res}-902.29694

{txt}Iteration 0:{space 3}log pseudolikelihood = {res:-885.44332}  
Iteration 1:{space 3}log pseudolikelihood = {res:-868.02275}  
Iteration 2:{space 3}log pseudolikelihood = {res:-867.56746}  
Iteration 3:{space 3}log pseudolikelihood = {res:-867.56613}  
Iteration 4:{space 3}log pseudolikelihood = {res:-867.56613}  (backed up)
{res}
{txt}Calculating robust standard errors:

Random-effects probit regression{col 49}Number of obs{col 67}={col 69}{res}     2,184
{txt}Group variable: {res}countrypair1{col 49}{txt}Number of groups{col 67}={col 69}{res}        91

{txt}Random effects u_i ~ {res}Gaussian{txt}{col 49}Obs per group:
{col 63}min{col 67}={col 69}{res}        24
{txt}{col 63}avg{col 67}={col 69}{res}      24.0
{txt}{col 63}max{col 67}={col 69}{res}        24

{txt}Integration method: {res}mvaghermite{txt}{col 49}Integration pts.{col 67}={col 70}{res}       12

{txt}{col 49}Wald chi2({res}7{txt}){col 67}={col 70}{res}   154.90
{txt}Log pseudolikelihood  = {res}-867.56613{col 49}{txt}Prob > chi2{col 67}={res}{col 73}0.0000

{txt}{ralign 78:(Std. Err. adjusted for {res:91} clusters in countrypair1)}
{hline 13}{c TT}{hline 11}{hline 11}{hline 9}{hline 8}{hline 13}{hline 12}
{col 14}{c |}{col 26}    Robust
{col 1}     ProbIDE{col 14}{c |}      Coef.{col 26}   Std. Err.{col 38}      z{col 46}   P>|z|{col 54}     [95% Con{col 67}f. Interval]
{hline 13}{c +}{hline 11}{hline 11}{hline 9}{hline 8}{hline 13}{hline 12}
{space 8}dist {c |}{col 14}{res}{space 2}-.0001007{col 26}{space 2} .0000374{col 37}{space 1}   -2.69{col 46}{space 3}0.007{col 54}{space 4} -.000174{col 67}{space 3}-.0000274
{txt}{space 9}bit {c |}{col 14}{res}{space 2} .1242944{col 26}{space 2} .2625168{col 37}{space 1}    0.47{col 46}{space 3}0.636{col 54}{space 4}-.3902291{col 67}{space 3}  .638818
{txt}{space 6}contig {c |}{col 14}{res}{space 2}-.7298084{col 26}{space 2} .5188286{col 37}{space 1}   -1.41{col 46}{space 3}0.160{col 54}{space 4}-1.746694{col 67}{space 3}  .287077
{txt}{space 7}pop_d {c |}{col 14}{res}{space 2} .0087209{col 26}{space 2} .0031541{col 37}{space 1}    2.76{col 46}{space 3}0.006{col 54}{space 4} .0025391{col 67}{space 3} .0149028
{txt}{space 7}pop_o {c |}{col 14}{res}{space 2} .0705243{col 26}{space 2} .0090845{col 37}{space 1}    7.76{col 46}{space 3}0.000{col 54}{space 4} .0527191{col 67}{space 3} .0883295
{txt}{space 6}gatt_d {c |}{col 14}{res}{space 2} .0122933{col 26}{space 2} .1112091{col 37}{space 1}    0.11{col 46}{space 3}0.912{col 54}{space 4}-.2056725{col 67}{space 3}  .230259
{txt}{space 8}eu_d {c |}{col 14}{res}{space 2}-.1888238{col 26}{space 2} .0928808{col 37}{space 1}   -2.03{col 46}{space 3}0.042{col 54}{space 4}-.3708668{col 67}{space 3}-.0067808
{txt}{space 7}_cons {c |}{col 14}{res}{space 2}-5.400748{col 26}{space 2} .8486253{col 37}{space 1}   -6.36{col 46}{space 3}0.000{col 54}{space 4}-7.064023{col 67}{space 3}-3.737473
{txt}{hline 13}{c +}{hline 11}{hline 11}{hline 9}{hline 8}{hline 13}{hline 12}
    /lnsig2u {c |}{col 14}{res}{space 2} .7283305{col 26}{space 2} .1686037{col 54}{space 4} .3978733{col 67}{space 3} 1.058788
{txt}{hline 13}{c +}{hline 11}{hline 11}{hline 9}{hline 8}{hline 13}{hline 12}
{col 1}     sigma_u{col 14}{c |}{res}{space 2} 1.439312{col 26}{space 2} .1213367{col 54}{space 4} 1.220105{col 67}{space 3} 1.697903
{col 1}{txt}         rho{col 14}{c |}{res}{space 2} .6744388{col 26}{space 2} .0370205{col 54}{space 4} .5981766{col 67}{space 3} .7424588
{txt}{hline 13}{c BT}{hline 11}{hline 11}{hline 9}{hline 8}{hline 13}{hline 12}

{com}. estimates store probit3

. xtprobit ProbIDE dist pittot_rta_or_bit contig pop_d pop_o gatt_d eu_d, re vce(robust)

{txt}Fitting comparison model:

{res}{txt}Iteration 0:{space 3}log pseudolikelihood = {res:-1504.8458}  
Iteration 1:{space 3}log pseudolikelihood = {res: -1360.246}  
Iteration 2:{space 3}log pseudolikelihood = {res:-1347.3348}  
Iteration 3:{space 3}log pseudolikelihood = {res:-1346.5441}  
Iteration 4:{space 3}log pseudolikelihood = {res: -1346.544}  
{res}
{txt}Fitting full model:

rho = {res} 0.0     {txt}log pseudolikelihood = {res} -1346.544
{txt}rho = {res} 0.1     {txt}log pseudolikelihood = {res}-1049.5211
{txt}rho = {res} 0.2     {txt}log pseudolikelihood = {res} -963.5526
{txt}rho = {res} 0.3     {txt}log pseudolikelihood = {res}-922.81205
{txt}rho = {res} 0.4     {txt}log pseudolikelihood = {res}-900.68974
{txt}rho = {res} 0.5     {txt}log pseudolikelihood = {res}-889.81879
{txt}rho = {res} 0.6     {txt}log pseudolikelihood = {res}-889.11329
{txt}rho = {res} 0.7     {txt}log pseudolikelihood = {res}-900.81049

{txt}Iteration 0:{space 3}log pseudolikelihood = {res:-883.80596}  
Iteration 1:{space 3}log pseudolikelihood = {res:-865.30149}  
Iteration 2:{space 3}log pseudolikelihood = {res:-864.80046}  
Iteration 3:{space 3}log pseudolikelihood = {res:-864.79904}  
Iteration 4:{space 3}log pseudolikelihood = {res:-864.79904}  (backed up)
{res}
{txt}Calculating robust standard errors:

Random-effects probit regression{col 49}Number of obs{col 67}={col 69}{res}     2,184
{txt}Group variable: {res}countrypair1{col 49}{txt}Number of groups{col 67}={col 69}{res}        91

{txt}Random effects u_i ~ {res}Gaussian{txt}{col 49}Obs per group:
{col 63}min{col 67}={col 69}{res}        24
{txt}{col 63}avg{col 67}={col 69}{res}      24.0
{txt}{col 63}max{col 67}={col 69}{res}        24

{txt}Integration method: {res}mvaghermite{txt}{col 49}Integration pts.{col 67}={col 70}{res}       12

{txt}{col 49}Wald chi2({res}6{txt}){col 67}={col 70}{res}        .
{txt}Log pseudolikelihood  = {res}-864.79904{col 49}{txt}Prob > chi2{col 67}={res}{col 73}     .

{txt}{ralign 83:(Std. Err. adjusted for {res:91} clusters in countrypair1)}
{hline 18}{c TT}{hline 11}{hline 11}{hline 9}{hline 8}{hline 13}{hline 12}
{col 19}{c |}{col 31}    Robust
{col 1}          ProbIDE{col 19}{c |}      Coef.{col 31}   Std. Err.{col 43}      z{col 51}   P>|z|{col 59}     [95% Con{col 72}f. Interval]
{hline 18}{c +}{hline 11}{hline 11}{hline 9}{hline 8}{hline 13}{hline 12}
{space 13}dist {c |}{col 19}{res}{space 2}-.0001015{col 31}{space 2} .0000378{col 42}{space 1}   -2.68{col 51}{space 3}0.007{col 59}{space 4}-.0001756{col 72}{space 3}-.0000274
{txt}pittot_rta_or_bit {c |}{col 19}{res}{space 2}-1.82e-15{col 31}{space 2} 9.23e-16{col 42}{space 1}   -1.97{col 51}{space 3}0.049{col 59}{space 4}-3.63e-15{col 72}{space 3}-8.50e-18
{txt}{space 11}contig {c |}{col 19}{res}{space 2}-.7316648{col 31}{space 2} .5155074{col 42}{space 1}   -1.42{col 51}{space 3}0.156{col 59}{space 4}-1.742041{col 72}{space 3} .2787112
{txt}{space 12}pop_d {c |}{col 19}{res}{space 2} .0089736{col 31}{space 2} .0032055{col 42}{space 1}    2.80{col 51}{space 3}0.005{col 59}{space 4}  .002691{col 72}{space 3} .0152562
{txt}{space 12}pop_o {c |}{col 19}{res}{space 2}  .101418{col 31}{space 2} .0194009{col 42}{space 1}    5.23{col 51}{space 3}0.000{col 59}{space 4} .0633929{col 72}{space 3} .1394431
{txt}{space 11}gatt_d {c |}{col 19}{res}{space 2} .0053764{col 31}{space 2}  .109269{col 42}{space 1}    0.05{col 51}{space 3}0.961{col 59}{space 4} -.208787{col 72}{space 3} .2195397
{txt}{space 13}eu_d {c |}{col 19}{res}{space 2}-.2158113{col 31}{space 2} .0953283{col 42}{space 1}   -2.26{col 51}{space 3}0.024{col 59}{space 4}-.4026512{col 72}{space 3}-.0289713
{txt}{space 12}_cons {c |}{col 19}{res}{space 2}-7.720878{col 31}{space 2} 1.529027{col 42}{space 1}   -5.05{col 51}{space 3}0.000{col 59}{space 4}-10.71772{col 72}{space 3} -4.72404
{txt}{hline 18}{c +}{hline 11}{hline 11}{hline 9}{hline 8}{hline 13}{hline 12}
         /lnsig2u {c |}{col 19}{res}{space 2} .7458022{col 31}{space 2}  .169669{col 59}{space 4} .4132571{col 72}{space 3} 1.078347
{txt}{hline 18}{c +}{hline 11}{hline 11}{hline 9}{hline 8}{hline 13}{hline 12}
{col 1}          sigma_u{col 19}{c |}{res}{space 2} 1.451941{col 31}{space 2} .1231746{col 59}{space 4} 1.229526{col 72}{space 3} 1.714589
{col 1}{txt}              rho{col 19}{c |}{res}{space 2} .6782633{col 31}{space 2} .0370255{col 59}{space 4} .6018686{col 72}{space 3} .7461811
{txt}{hline 18}{c BT}{hline 11}{hline 11}{hline 9}{hline 8}{hline 13}{hline 12}

{com}. estimates store probit4

. xtprobit ProbIDE dist pibtotrta contig pop_d pop_o gatt_d eu_d, re vce(robust)

{txt}Fitting comparison model:

{res}{txt}Iteration 0:{space 3}log pseudolikelihood = {res:-1504.8458}  
Iteration 1:{space 3}log pseudolikelihood = {res:-1360.1616}  
Iteration 2:{space 3}log pseudolikelihood = {res:-1347.2465}  
Iteration 3:{space 3}log pseudolikelihood = {res:-1346.4557}  
Iteration 4:{space 3}log pseudolikelihood = {res:-1346.4556}  
{res}
{txt}Fitting full model:

rho = {res} 0.0     {txt}log pseudolikelihood = {res}-1346.4556
{txt}rho = {res} 0.1     {txt}log pseudolikelihood = {res}-1049.4118
{txt}rho = {res} 0.2     {txt}log pseudolikelihood = {res}-963.43426
{txt}rho = {res} 0.3     {txt}log pseudolikelihood = {res}-922.68844
{txt}rho = {res} 0.4     {txt}log pseudolikelihood = {res}-900.56163
{txt}rho = {res} 0.5     {txt}log pseudolikelihood = {res}-889.68674
{txt}rho = {res} 0.6     {txt}log pseudolikelihood = {res}-888.97935
{txt}rho = {res} 0.7     {txt}log pseudolikelihood = {res} -900.6735

{txt}Iteration 0:{space 3}log pseudolikelihood = {res:-883.67354}  
Iteration 1:{space 3}log pseudolikelihood = {res: -865.1122}  
Iteration 2:{space 3}log pseudolikelihood = {res:-864.60984}  
Iteration 3:{space 3}log pseudolikelihood = {res:-864.60842}  
Iteration 4:{space 3}log pseudolikelihood = {res:-864.60842}  (backed up)
{res}
{txt}Calculating robust standard errors:

Random-effects probit regression{col 49}Number of obs{col 67}={col 69}{res}     2,184
{txt}Group variable: {res}countrypair1{col 49}{txt}Number of groups{col 67}={col 69}{res}        91

{txt}Random effects u_i ~ {res}Gaussian{txt}{col 49}Obs per group:
{col 63}min{col 67}={col 69}{res}        24
{txt}{col 63}avg{col 67}={col 69}{res}      24.0
{txt}{col 63}max{col 67}={col 69}{res}        24

{txt}Integration method: {res}mvaghermite{txt}{col 49}Integration pts.{col 67}={col 70}{res}       12

{txt}{col 49}Wald chi2({res}6{txt}){col 67}={col 70}{res}        .
{txt}Log pseudolikelihood  = {res}-864.60842{col 49}{txt}Prob > chi2{col 67}={res}{col 73}     .

{txt}{ralign 78:(Std. Err. adjusted for {res:91} clusters in countrypair1)}
{hline 13}{c TT}{hline 11}{hline 11}{hline 9}{hline 8}{hline 13}{hline 12}
{col 14}{c |}{col 26}    Robust
{col 1}     ProbIDE{col 14}{c |}      Coef.{col 26}   Std. Err.{col 38}      z{col 46}   P>|z|{col 54}     [95% Con{col 67}f. Interval]
{hline 13}{c +}{hline 11}{hline 11}{hline 9}{hline 8}{hline 13}{hline 12}
{space 8}dist {c |}{col 14}{res}{space 2}-.0001015{col 26}{space 2} .0000378{col 37}{space 1}   -2.68{col 46}{space 3}0.007{col 54}{space 4}-.0001757{col 67}{space 3}-.0000274
{txt}{space 3}pibtotrta {c |}{col 14}{res}{space 2}-1.85e-15{col 26}{space 2} 9.10e-16{col 37}{space 1}   -2.04{col 46}{space 3}0.042{col 54}{space 4}-3.64e-15{col 67}{space 3}-6.87e-17
{txt}{space 6}contig {c |}{col 14}{res}{space 2}-.7319331{col 26}{space 2} .5156542{col 37}{space 1}   -1.42{col 46}{space 3}0.156{col 54}{space 4}-1.742597{col 67}{space 3} .2787305
{txt}{space 7}pop_d {c |}{col 14}{res}{space 2} .0089813{col 26}{space 2} .0032069{col 37}{space 1}    2.80{col 46}{space 3}0.005{col 54}{space 4} .0026958{col 67}{space 3} .0152668
{txt}{space 7}pop_o {c |}{col 14}{res}{space 2} .1008804{col 26}{space 2} .0186935{col 37}{space 1}    5.40{col 46}{space 3}0.000{col 54}{space 4} .0642417{col 67}{space 3} .1375191
{txt}{space 6}gatt_d {c |}{col 14}{res}{space 2} .0054057{col 26}{space 2} .1093081{col 37}{space 1}    0.05{col 46}{space 3}0.961{col 54}{space 4}-.2088342{col 67}{space 3} .2196457
{txt}{space 8}eu_d {c |}{col 14}{res}{space 2}-.2162592{col 26}{space 2} .0953026{col 37}{space 1}   -2.27{col 46}{space 3}0.023{col 54}{space 4}-.4030489{col 67}{space 3}-.0294695
{txt}{space 7}_cons {c |}{col 14}{res}{space 2}-7.704819{col 26}{space 2} 1.488361{col 37}{space 1}   -5.18{col 46}{space 3}0.000{col 54}{space 4}-10.62195{col 67}{space 3}-4.787686
{txt}{hline 13}{c +}{hline 11}{hline 11}{hline 9}{hline 8}{hline 13}{hline 12}
    /lnsig2u {c |}{col 14}{res}{space 2} .7465012{col 26}{space 2} .1696794{col 54}{space 4} .4139356{col 67}{space 3} 1.079067
{txt}{hline 13}{c +}{hline 11}{hline 11}{hline 9}{hline 8}{hline 13}{hline 12}
{col 1}     sigma_u{col 14}{c |}{res}{space 2} 1.452448{col 26}{space 2} .1232253{col 54}{space 4} 1.229943{col 67}{space 3} 1.715206
{col 1}{txt}         rho{col 14}{c |}{res}{space 2} .6784159{col 26}{space 2} .0370186{col 54}{space 4} .6020312{col 67}{space 3} .7463173
{txt}{hline 13}{c BT}{hline 11}{hline 11}{hline 9}{hline 8}{hline 13}{hline 12}

{com}. estimates store probit5

. xtprobit ProbIDE dist pibtotbit contig pop_d pop_o gatt_d eu_d, re vce(robust)

{txt}Fitting comparison model:

{res}{txt}Iteration 0:{space 3}log pseudolikelihood = {res:-1504.8458}  
Iteration 1:{space 3}log pseudolikelihood = {res:-1357.7158}  
Iteration 2:{space 3}log pseudolikelihood = {res:-1344.7091}  
Iteration 3:{space 3}log pseudolikelihood = {res:-1343.9246}  
Iteration 4:{space 3}log pseudolikelihood = {res:-1343.9245}  
{res}
{txt}Fitting full model:

rho = {res} 0.0     {txt}log pseudolikelihood = {res}-1343.9245
{txt}rho = {res} 0.1     {txt}log pseudolikelihood = {res}-1046.3422
{txt}rho = {res} 0.2     {txt}log pseudolikelihood = {res}-960.11979
{txt}rho = {res} 0.3     {txt}log pseudolikelihood = {res}-919.24039
{txt}rho = {res} 0.4     {txt}log pseudolikelihood = {res}-897.02369
{txt}rho = {res} 0.5     {txt}log pseudolikelihood = {res}-886.07282
{txt}rho = {res} 0.6     {txt}log pseudolikelihood = {res}-885.29151
{txt}rho = {res} 0.7     {txt}log pseudolikelihood = {res}-896.87213

{txt}Iteration 0:{space 3}log pseudolikelihood = {res:-879.98661}  
Iteration 1:{space 3}log pseudolikelihood = {res:-860.21348}  
Iteration 2:{space 3}log pseudolikelihood = {res:-859.71365}  
Iteration 3:{space 3}log pseudolikelihood = {res:-859.71237}  
Iteration 4:{space 3}log pseudolikelihood = {res:-859.71237}  (backed up)
{res}
{txt}Calculating robust standard errors:

Random-effects probit regression{col 49}Number of obs{col 67}={col 69}{res}     2,184
{txt}Group variable: {res}countrypair1{col 49}{txt}Number of groups{col 67}={col 69}{res}        91

{txt}Random effects u_i ~ {res}Gaussian{txt}{col 49}Obs per group:
{col 63}min{col 67}={col 69}{res}        24
{txt}{col 63}avg{col 67}={col 69}{res}      24.0
{txt}{col 63}max{col 67}={col 69}{res}        24

{txt}Integration method: {res}mvaghermite{txt}{col 49}Integration pts.{col 67}={col 70}{res}       12

{txt}{col 49}Wald chi2({res}6{txt}){col 67}={col 70}{res}        .
{txt}Log pseudolikelihood  = {res}-859.71237{col 49}{txt}Prob > chi2{col 67}={res}{col 73}     .

{txt}{ralign 78:(Std. Err. adjusted for {res:91} clusters in countrypair1)}
{hline 13}{c TT}{hline 11}{hline 11}{hline 9}{hline 8}{hline 13}{hline 12}
{col 14}{c |}{col 26}    Robust
{col 1}     ProbIDE{col 14}{c |}      Coef.{col 26}   Std. Err.{col 38}      z{col 46}   P>|z|{col 54}     [95% Con{col 67}f. Interval]
{hline 13}{c +}{hline 11}{hline 11}{hline 9}{hline 8}{hline 13}{hline 12}
{space 8}dist {c |}{col 14}{res}{space 2}-.0001025{col 26}{space 2}  .000038{col 37}{space 1}   -2.70{col 46}{space 3}0.007{col 54}{space 4}-.0001769{col 67}{space 3}-.0000281
{txt}{space 3}pibtotbit {c |}{col 14}{res}{space 2} 1.01e-13{col 26}{space 2} 2.63e-14{col 37}{space 1}    3.82{col 46}{space 3}0.000{col 54}{space 4} 4.89e-14{col 67}{space 3} 1.52e-13
{txt}{space 6}contig {c |}{col 14}{res}{space 2}-.7397933{col 26}{space 2} .5224799{col 37}{space 1}   -1.42{col 46}{space 3}0.157{col 54}{space 4}-1.763835{col 67}{space 3} .2842484
{txt}{space 7}pop_d {c |}{col 14}{res}{space 2} .0089881{col 26}{space 2} .0032067{col 37}{space 1}    2.80{col 46}{space 3}0.005{col 54}{space 4} .0027031{col 67}{space 3} .0152732
{txt}{space 7}pop_o {c |}{col 14}{res}{space 2} .0023622{col 26}{space 2}  .020473{col 37}{space 1}    0.12{col 46}{space 3}0.908{col 54}{space 4}-.0377641{col 67}{space 3} .0424885
{txt}{space 6}gatt_d {c |}{col 14}{res}{space 2} .0289237{col 26}{space 2} .1108503{col 37}{space 1}    0.26{col 46}{space 3}0.794{col 54}{space 4}-.1883388{col 67}{space 3} .2461863
{txt}{space 8}eu_d {c |}{col 14}{res}{space 2}-.1919296{col 26}{space 2} .0944187{col 37}{space 1}   -2.03{col 46}{space 3}0.042{col 54}{space 4}-.3769869{col 67}{space 3}-.0068724
{txt}{space 7}_cons {c |}{col 14}{res}{space 2}-1.443806{col 26}{space 2} 1.414617{col 37}{space 1}   -1.02{col 46}{space 3}0.307{col 54}{space 4}-4.216403{col 67}{space 3} 1.328792
{txt}{hline 13}{c +}{hline 11}{hline 11}{hline 9}{hline 8}{hline 13}{hline 12}
    /lnsig2u {c |}{col 14}{res}{space 2} .7583904{col 26}{space 2} .1687586{col 54}{space 4} .4276296{col 67}{space 3} 1.089151
{txt}{hline 13}{c +}{hline 11}{hline 11}{hline 9}{hline 8}{hline 13}{hline 12}
{col 1}     sigma_u{col 14}{c |}{res}{space 2} 1.461108{col 26}{space 2} .1232873{col 54}{space 4} 1.238393{col 67}{space 3} 1.723877
{col 1}{txt}         rho{col 14}{c |}{res}{space 2} .6810042{col 26}{space 2} .0366607{col 54}{space 4} .6053075{col 67}{space 3} .7482219
{txt}{hline 13}{c BT}{hline 11}{hline 11}{hline 9}{hline 8}{hline 13}{hline 12}

{com}. estimates store probit6

. estimates table probit1 probit2 probit3 probit4 probit5 probit6, stats(N ll chi2 aic bic)
{res}
{txt}{hline 12}{c -}{c TT}{c -}{hline 10}{c -}{c -}{c -}{hline 10}{c -}{c -}{c -}{hline 10}{c -}{c -}{c -}{hline 10}{c -}{c -}{c -}{hline 10}{c -}{c -}{c -}{hline 10}{c -}{c -}
{ralign 12:Variable} {c |} {center 10:probit1} {space 1} {center 10:probit2} {space 1} {center 10:probit3} {space 1} {center 10:probit4} {space 1} {center 10:probit5} {space 1} {center 10:probit6} {space 1}
{hline 12}{c -}{c +}{c -}{hline 10}{c -}{c -}{c -}{hline 10}{c -}{c -}{c -}{hline 10}{c -}{c -}{c -}{hline 10}{c -}{c -}{c -}{hline 10}{c -}{c -}{c -}{hline 10}{c -}{c -}
{res}ProbIDE      {txt}{c |}
{res}{txt}gdp_investor {c |}{res} {ralign 10:1.239e-12}{txt} {space 1}{res} {ralign 10:}{txt} {space 1}{res} {ralign 10:}{txt} {space 1}{res} {ralign 10:}{txt} {space 1}{res} {ralign 10:}{txt} {space 1}{res} {ralign 10:}{txt} {space 1}
{res}{txt}{space 1}gdp_vietnam {c |}{res} {ralign 10:-1.570e-12}{txt} {space 1}{res} {ralign 10:}{txt} {space 1}{res} {ralign 10:}{txt} {space 1}{res} {ralign 10:}{txt} {space 1}{res} {ralign 10:}{txt} {space 1}{res} {ralign 10:}{txt} {space 1}
{res}{txt}{space 8}dist {c |}{res} {ralign 10:-.00011597}{txt} {space 1}{res} {ralign 10:-.00010682}{txt} {space 1}{res} {ralign 10:-.00010073}{txt} {space 1}{res} {ralign 10:-.00010148}{txt} {space 1}{res} {ralign 10:-.00010152}{txt} {space 1}{res} {ralign 10:-.00010248}{txt} {space 1}
{res}{txt}{space 6}contig {c |}{res} {ralign 10:-.50989928}{txt} {space 1}{res} {ralign 10:-.17303082}{txt} {space 1}{res} {ralign 10:-.72980839}{txt} {space 1}{res} {ralign 10:-.73166479}{txt} {space 1}{res} {ralign 10:-.73193312}{txt} {space 1}{res} {ralign 10:-.73979332}{txt} {space 1}
{res}{txt}{space 7}pop_d {c |}{res} {ralign 10:.00239866}{txt} {space 1}{res} {ralign 10:.01140489}{txt} {space 1}{res} {ralign 10:.00872094}{txt} {space 1}{res} {ralign 10:.00897361}{txt} {space 1}{res} {ralign 10:.00898131}{txt} {space 1}{res} {ralign 10:.00898814}{txt} {space 1}
{res}{txt}{space 7}pop_o {c |}{res} {ralign 10:.07484085}{txt} {space 1}{res} {ralign 10:.07301944}{txt} {space 1}{res} {ralign 10:.07052428}{txt} {space 1}{res} {ralign 10:.10141799}{txt} {space 1}{res} {ralign 10:.10088041}{txt} {space 1}{res} {ralign 10:.00236216}{txt} {space 1}
{res}{txt}{space 6}gatt_d {c |}{res} {ralign 10:.01236534}{txt} {space 1}{res} {ralign 10:.01555578}{txt} {space 1}{res} {ralign 10:.01229325}{txt} {space 1}{res} {ralign 10:.00537638}{txt} {space 1}{res} {ralign 10:.00540574}{txt} {space 1}{res} {ralign 10:.02892373}{txt} {space 1}
{res}{txt}{space 8}eu_d {c |}{res} {ralign 10:-.19374832}{txt} {space 1}{res} {ralign 10:-.19176291}{txt} {space 1}{res} {ralign 10:-.18882379}{txt} {space 1}{res} {ralign 10:-.21581126}{txt} {space 1}{res} {ralign 10:-.21625922}{txt} {space 1}{res} {ralign 10:-.19192965}{txt} {space 1}
{res}{txt}{space 9}rta {c |}{res} {ralign 10:}{txt} {space 1}{res} {ralign 10:-.86099097}{txt} {space 1}{res} {ralign 10:}{txt} {space 1}{res} {ralign 10:}{txt} {space 1}{res} {ralign 10:}{txt} {space 1}{res} {ralign 10:}{txt} {space 1}
{res}{txt}{space 9}bit {c |}{res} {ralign 10:}{txt} {space 1}{res} {ralign 10:}{txt} {space 1}{res} {ralign 10:.12429444}{txt} {space 1}{res} {ralign 10:}{txt} {space 1}{res} {ralign 10:}{txt} {space 1}{res} {ralign 10:}{txt} {space 1}
{res}{txt}pittot_rta~t {c |}{res} {ralign 10:}{txt} {space 1}{res} {ralign 10:}{txt} {space 1}{res} {ralign 10:}{txt} {space 1}{res} {ralign 10:-1.818e-15}{txt} {space 1}{res} {ralign 10:}{txt} {space 1}{res} {ralign 10:}{txt} {space 1}
{res}{txt}{space 3}pibtotrta {c |}{res} {ralign 10:}{txt} {space 1}{res} {ralign 10:}{txt} {space 1}{res} {ralign 10:}{txt} {space 1}{res} {ralign 10:}{txt} {space 1}{res} {ralign 10:-1.852e-15}{txt} {space 1}{res} {ralign 10:}{txt} {space 1}
{res}{txt}{space 3}pibtotbit {c |}{res} {ralign 10:}{txt} {space 1}{res} {ralign 10:}{txt} {space 1}{res} {ralign 10:}{txt} {space 1}{res} {ralign 10:}{txt} {space 1}{res} {ralign 10:}{txt} {space 1}{res} {ralign 10:1.006e-13}{txt} {space 1}
{res}{txt}{space 7}_cons {c |}{res} {ralign 10:-5.6525837}{txt} {space 1}{res} {ralign 10:-5.4367048}{txt} {space 1}{res} {ralign 10:-5.4007476}{txt} {space 1}{res} {ralign 10:-7.720878}{txt} {space 1}{res} {ralign 10:-7.7048193}{txt} {space 1}{res} {ralign 10:-1.4438058}{txt} {space 1}
{hline 12}{c -}{c +}{c -}{hline 10}{c -}{c -}{c -}{hline 10}{c -}{c -}{c -}{hline 10}{c -}{c -}{c -}{hline 10}{c -}{c -}{c -}{hline 10}{c -}{c -}{c -}{hline 10}{c -}{c -}
{res}lnsig2u      {txt}{c |}
{res}{txt}{space 7}_cons {c |}{res} {ralign 10:.36967537}{txt} {space 1}{res} {ralign 10:.72175104}{txt} {space 1}{res} {ralign 10:.72833053}{txt} {space 1}{res} {ralign 10:.7458022}{txt} {space 1}{res} {ralign 10:.74650122}{txt} {space 1}{res} {ralign 10:.75839042}{txt} {space 1}
{hline 12}{c -}{c +}{c -}{hline 10}{c -}{c -}{c -}{hline 10}{c -}{c -}{c -}{hline 10}{c -}{c -}{c -}{hline 10}{c -}{c -}{c -}{hline 10}{c -}{c -}{c -}{hline 10}{c -}{c -}
{res}{lalign 12:Statistics}{txt} {c |} {center 10:} {space 1} {center 10:} {space 1} {center 10:} {space 1} {center 10:} {space 1} {center 10:} {space 1} {center 10:} {space 1}
{ralign 12:N} {c |}{res} {ralign 10:2184}{txt} {space 1}{res} {ralign 10:2184}{txt} {space 1}{res} {ralign 10:2184}{txt} {space 1}{res} {ralign 10:2184}{txt} {space 1}{res} {ralign 10:2184}{txt} {space 1}{res} {ralign 10:2184}{txt} {space 1}
{ralign 12:ll} {c |}{res} {ralign 10:-853.01344}{txt} {space 1}{res} {ralign 10:-862.25414}{txt} {space 1}{res} {ralign 10:-867.56613}{txt} {space 1}{res} {ralign 10:-864.79904}{txt} {space 1}{res} {ralign 10:-864.60842}{txt} {space 1}{res} {ralign 10:-859.71237}{txt} {space 1}
{ralign 12:chi2} {c |}{res} {ralign 10:.}{txt} {space 1}{res} {ralign 10:161.96957}{txt} {space 1}{res} {ralign 10:154.90371}{txt} {space 1}{res} {ralign 10:.}{txt} {space 1}{res} {ralign 10:.}{txt} {space 1}{res} {ralign 10:.}{txt} {space 1}
{ralign 12:aic} {c |}{res} {ralign 10:1722.0269}{txt} {space 1}{res} {ralign 10:1742.5083}{txt} {space 1}{res} {ralign 10:1753.1323}{txt} {space 1}{res} {ralign 10:1745.5981}{txt} {space 1}{res} {ralign 10:1745.2168}{txt} {space 1}{res} {ralign 10:1735.4247}{txt} {space 1}
{ralign 12:bic} {c |}{res} {ralign 10:1767.5382}{txt} {space 1}{res} {ralign 10:1793.7085}{txt} {space 1}{res} {ralign 10:1804.3325}{txt} {space 1}{res} {ralign 10:1791.1094}{txt} {space 1}{res} {ralign 10:1790.7281}{txt} {space 1}{res} {ralign 10:1780.936}{txt} {space 1}
{hline 12}{c -}{c BT}{c -}{hline 10}{c -}{c -}{c -}{hline 10}{c -}{c -}{c -}{hline 10}{c -}{c -}{c -}{hline 10}{c -}{c -}{c -}{hline 10}{c -}{c -}{c -}{hline 10}{c -}{c -}

{com}. pwcorr dist gdp_investor gdp_vietnam contig pop_d pop_o gatt_d eu_d rta bit pibtotbit pibtotrta pittot_rta_or_bit RTA_tot BIT_tot ProbIDE fditovnam, star(.05)

             {txt}{c |}     dist gdp_in~r gdp_vi~m   contig    pop_d    pop_o   gatt_d
{hline 13}{c +}{hline 63}
        dist {c |} {res}  1.0000 
{txt}gdp_investor {c |} {res}  0.0345   1.0000 
 {txt}gdp_vietnam {c |} {res} -0.0000   0.1103*  1.0000 
      {txt}contig {c |} {res} -0.2813*  0.1180*  0.0000   1.0000 
       {txt}pop_d {c |} {res} -0.1863*  0.3996*  0.0219   0.3836*  1.0000 
       {txt}pop_o {c |} {res} -0.0000   0.1107*  0.9344*  0.0000   0.0231   1.0000 
      {txt}gatt_d {c |} {res} -0.0085  -0.0407  -0.0924* -0.0100  -0.0180  -0.0701*  1.0000 
        {txt}eu_d {c |} {res}  0.0210  -0.0229  -0.1720* -0.0071  -0.0062  -0.1150*  0.2145*
         {txt}rta {c |} {res} -0.1920*  0.0183   0.0709*  0.2105*  0.2774*  0.0728* -0.0108 
         {txt}bit {c |} {res} -0.0465* -0.0101  -0.1048*  0.0240   0.0294  -0.1508*  0.0281 
   {txt}pibtotbit {c |} {res} -0.0000   0.1056*  0.8336*  0.0000   0.0217   0.9447* -0.0786*
   {txt}pibtotrta {c |} {res} -0.0000   0.1054*  0.9903*  0.0000   0.0211   0.8973* -0.0843*
{txt}pittot_rta~t {c |} {res}  0.0000   0.1063*  0.9924* -0.0000   0.0213   0.9058* -0.0846*
     {txt}RTA_tot {c |} {res}  0.0000   0.1121*  0.9833*  0.0000   0.0223   0.9584* -0.0846*
     {txt}BIT_tot {c |} {res}  0.0000   0.1088*  0.8984* -0.0000   0.0227   0.9855* -0.0733*
     {txt}ProbIDE {c |} {res} -0.2298*  0.2758*  0.1715*  0.0580*  0.2052*  0.1846* -0.0145 
   {txt}fditovnam {c |} {res} -0.1666*  0.2389*  0.1264*  0.0140   0.0719*  0.1200* -0.0283 

             {txt}{c |}     eu_d      rta      bit pibtot~t pibtot~a pittot~t  RTA_tot
{hline 13}{c +}{hline 63}
        eu_d {c |} {res}  1.0000 
         {txt}rta {c |} {res} -0.0086   1.0000 
         {txt}bit {c |} {res} -0.0099   0.0259   1.0000 
   {txt}pibtotbit {c |} {res} -0.1099*  0.0651* -0.1182*  1.0000 
   {txt}pibtotrta {c |} {res} -0.1597*  0.0698* -0.1033*  0.7745*  1.0000 
{txt}pittot_rta~t {c |} {res} -0.1591*  0.0702* -0.1045*  0.7885*  0.9997*  1.0000 
     {txt}RTA_tot {c |} {res} -0.1691*  0.0714* -0.0995*  0.8865*  0.9565*  0.9615*  1.0000 
     {txt}BIT_tot {c |} {res} -0.0921*  0.0710* -0.1547*  0.9464*  0.8487*  0.8586*  0.9420*
     {txt}ProbIDE {c |} {res} -0.0535*  0.0328   0.0169   0.1917*  0.1548*  0.1573*  0.1797*
   {txt}fditovnam {c |} {res} -0.0360   0.1750* -0.0173   0.1184*  0.1183*  0.1192*  0.1275*

             {txt}{c |}  BIT_tot  ProbIDE fditov~m
{hline 13}{c +}{hline 27}
     BIT_tot {c |} {res}  1.0000 
     {txt}ProbIDE {c |} {res}  0.1863*  1.0000 
   {txt}fditovnam {c |} {res}  0.1148*  0.2065*  1.0000 

{com}. xtserial ProbIDE gdp_investor gdp_vietnam dist contig pop_d pop_o gatt_d eu_d

{txt}Wooldridge test for autocorrelation in panel data
H0: no first order autocorrelation
{col 5}F(  1,      90) = {res}     5.648
{txt}{col 12}Prob > F = {res}     0.0196

{com}. xtserial ProbIDE dist rta contig pop_d pop_o gatt_d eu_d

{txt}Wooldridge test for autocorrelation in panel data
H0: no first order autocorrelation
{col 5}F(  1,      90) = {res}     6.262
{txt}{col 12}Prob > F = {res}     0.0141

{com}. xtserial ProbIDE dist bit contig pop_d pop_o gatt_d eu_d

{txt}Wooldridge test for autocorrelation in panel data
H0: no first order autocorrelation
{col 5}F(  1,      90) = {res}     6.784
{txt}{col 12}Prob > F = {res}     0.0108

{com}. xtserial ProbIDE dist pittot_rta_or_bit contig pop_d pop_o gatt_d eu_d

{txt}Wooldridge test for autocorrelation in panel data
H0: no first order autocorrelation
{col 5}F(  1,      90) = {res}     6.210
{txt}{col 12}Prob > F = {res}     0.0145

{com}. xtserial ProbIDE dist pibtotrta contig pop_d pop_o gatt_d eu_d

{txt}Wooldridge test for autocorrelation in panel data
H0: no first order autocorrelation
{col 5}F(  1,      90) = {res}     6.211
{txt}{col 12}Prob > F = {res}     0.0145

{com}. xtserial ProbIDE dist pibtotbit contig pop_d pop_o gatt_d eu_d

{txt}Wooldridge test for autocorrelation in panel data
H0: no first order autocorrelation
{col 5}F(  1,      90) = {res}     6.458
{txt}{col 12}Prob > F = {res}     0.0128

{com}. xttobit fditovnam gdp_investor gdp_vietnam dist contig pop_d pop_o gatt_d eu_d, ll(0)

{txt}Obtaining starting values for full model:

Iteration 0:   log likelihood = {res}-17334.394
{txt}Iteration 1:   log likelihood = {res}-17334.273
{txt}Iteration 2:   log likelihood = {res}-17334.273

{txt}Fitting full model:
{res}
{txt}Iteration 0:{space 3}log likelihood = {res:-8927.6384}  
Iteration 1:{space 3}log likelihood = {res:-8686.1406}  
Iteration 2:{space 3}log likelihood = {res: -8623.275}  
Iteration 3:{space 3}log likelihood = {res:-8617.6305}  
Iteration 4:{space 3}log likelihood = {res:-8617.2687}  
Iteration 5:{space 3}log likelihood = {res: -8617.268}  
{res}
{txt}Random-effects tobit regression{col 49}Number of obs{col 67}={col 69}{res}     2,184
{txt}Group variable: {res}countrypair1{col 49}{txt}Number of groups{col 67}={col 69}{res}        91

{txt}Random effects u_i ~ {res}Gaussian{txt}{col 49}Obs per group:
{col 63}min{col 67}={col 69}{res}        24
{txt}{col 63}avg{col 67}={col 69}{res}      24.0
{txt}{col 63}max{col 67}={col 69}{res}        24

{txt}Integration method: {res}mvaghermite{txt}{col 49}Integration pts.{col 67}={col 70}{res}       12

{txt}{col 49}Wald chi2({res}7{txt}){col 67}={col 70}{res}        .
{txt}Log likelihood  = {res} -8617.268{col 49}{txt}Prob > chi2{col 67}={res}{col 73}     .

{txt}{hline 13}{c TT}{hline 11}{hline 11}{hline 9}{hline 8}{hline 13}{hline 12}
{col 1}   fditovnam{col 14}{c |}      Coef.{col 26}   Std. Err.{col 38}      z{col 46}   P>|z|{col 54}     [95% Con{col 67}f. Interval]
{hline 13}{c +}{hline 11}{hline 11}{hline 9}{hline 8}{hline 13}{hline 12}
gdp_investor {c |}{col 14}{res}{space 2} 1.04e-10{col 26}{space 2} 3.09e-11{col 37}{space 1}    3.35{col 46}{space 3}0.001{col 54}{space 4} 4.30e-11{col 67}{space 3} 1.64e-10
{txt}{space 1}gdp_vietnam {c |}{col 14}{res}{space 2} 8.44e-10{col 26}{space 2} 1.01e-09{col 37}{space 1}    0.83{col 46}{space 3}0.405{col 54}{space 4}-1.14e-09{col 67}{space 3} 2.83e-09
{txt}{space 8}dist {c |}{col 14}{res}{space 2}-.0810233{col 26}{space 2} .0200366{col 37}{space 1}   -4.04{col 46}{space 3}0.000{col 54}{space 4}-.1202944{col 67}{space 3}-.0417523
{txt}{space 6}contig {c |}{col 14}{res}{space 2}-365.5738{col 26}{space 2}  529.066{col 37}{space 1}   -0.69{col 46}{space 3}0.490{col 54}{space 4}-1402.524{col 67}{space 3} 671.3764
{txt}{space 7}pop_d {c |}{col 14}{res}{space 2} .1790956{col 26}{space 2} .5015058{col 37}{space 1}    0.36{col 46}{space 3}0.721{col 54}{space 4}-.8038377{col 67}{space 3} 1.162029
{txt}{space 7}pop_o {c |}{col 14}{res}{space 2} 36.62415{col 26}{space 2} 12.02936{col 37}{space 1}    3.04{col 46}{space 3}0.002{col 54}{space 4} 13.04702{col 67}{space 3} 60.20127
{txt}{space 6}gatt_d {c |}{col 14}{res}{space 2} -50.1565{col 26}{space 2} 73.67005{col 37}{space 1}   -0.68{col 46}{space 3}0.496{col 54}{space 4}-194.5471{col 67}{space 3} 94.23413
{txt}{space 8}eu_d {c |}{col 14}{res}{space 2}-86.90357{col 26}{space 2} 67.97095{col 37}{space 1}   -1.28{col 46}{space 3}0.201{col 54}{space 4}-220.1242{col 67}{space 3} 46.31703
{txt}{space 7}_cons {c |}{col 14}{res}{space 2}-3097.332{col 26}{space 2} 933.2462{col 37}{space 1}   -3.32{col 46}{space 3}0.001{col 54}{space 4}-4926.461{col 67}{space 3}-1268.203
{txt}{hline 13}{c +}{hline 11}{hline 11}{hline 9}{hline 8}{hline 13}{hline 12}
    /sigma_u {c |}{col 14}{res}{space 2} 778.9717{col 26}{space 2} 68.69237{col 37}{space 1}   11.34{col 46}{space 3}0.000{col 54}{space 4} 644.3371{col 67}{space 3} 913.6062
{txt}    /sigma_e {c |}{col 14}{res}{space 2} 936.6568{col 26}{space 2} 21.07833{col 37}{space 1}   44.44{col 46}{space 3}0.000{col 54}{space 4} 895.3441{col 67}{space 3} 977.9696
{txt}{hline 13}{c +}{hline 11}{hline 11}{hline 9}{hline 8}{hline 13}{hline 12}
{col 1}         rho{col 14}{c |}{res}{space 2} .4088589{col 26}{space 2} .0424918{col 54}{space 4} .3282111{col 67}{space 3} .4935756
{txt}{hline 13}{c BT}{hline 11}{hline 11}{hline 9}{hline 8}{hline 13}{hline 12}
{res}         1,191{txt}  left-censored observations
{res}           993{txt}     uncensored observations
{res}             0{txt} right-censored observations

{com}. estimates store tobit1

. xttobit fditovnam dist rta contig pop_d pop_o gatt_d eu_d, ll(0)

{txt}Obtaining starting values for full model:

Iteration 0:   log likelihood = {res} -17345.86
{txt}Iteration 1:   log likelihood = {res}-17343.522
{txt}Iteration 2:   log likelihood = {res}-17343.509
{txt}Iteration 3:   log likelihood = {res}-17343.509

{txt}Fitting full model:
{res}
{txt}Iteration 0:{space 3}log likelihood = {res:-8927.4306}  
Iteration 1:{space 3}log likelihood = {res:-8661.2652}  
Iteration 2:{space 3}log likelihood = {res:-8623.3629}  
Iteration 3:{space 3}log likelihood = {res: -8620.687}  
Iteration 4:{space 3}log likelihood = {res:-8620.6059}  
Iteration 5:{space 3}log likelihood = {res:-8620.6057}  
{res}
{txt}Random-effects tobit regression{col 49}Number of obs{col 67}={col 69}{res}     2,184
{txt}Group variable: {res}countrypair1{col 49}{txt}Number of groups{col 67}={col 69}{res}        91

{txt}Random effects u_i ~ {res}Gaussian{txt}{col 49}Obs per group:
{col 63}min{col 67}={col 69}{res}        24
{txt}{col 63}avg{col 67}={col 69}{res}      24.0
{txt}{col 63}max{col 67}={col 69}{res}        24

{txt}Integration method: {res}mvaghermite{txt}{col 49}Integration pts.{col 67}={col 70}{res}       12

{txt}{col 49}Wald chi2({res}7{txt}){col 67}={col 70}{res}   169.33
{txt}Log likelihood  = {res}-8620.6057{col 49}{txt}Prob > chi2{col 67}={res}{col 73}0.0000

{txt}{hline 13}{c TT}{hline 11}{hline 11}{hline 9}{hline 8}{hline 13}{hline 12}
{col 1}   fditovnam{col 14}{c |}      Coef.{col 26}   Std. Err.{col 38}      z{col 46}   P>|z|{col 54}     [95% Con{col 67}f. Interval]
{hline 13}{c +}{hline 11}{hline 11}{hline 9}{hline 8}{hline 13}{hline 12}
{space 8}dist {c |}{col 14}{res}{space 2}-.0709462{col 26}{space 2} .0215466{col 37}{space 1}   -3.29{col 46}{space 3}0.001{col 54}{space 4}-.1131767{col 67}{space 3}-.0287156
{txt}{space 9}rta {c |}{col 14}{res}{space 2} 319.6746{col 26}{space 2} 143.0164{col 37}{space 1}    2.24{col 46}{space 3}0.025{col 54}{space 4} 39.36754{col 67}{space 3} 599.9817
{txt}{space 6}contig {c |}{col 14}{res}{space 2}-486.9366{col 26}{space 2} 570.2985{col 37}{space 1}   -0.85{col 46}{space 3}0.393{col 54}{space 4}-1604.701{col 67}{space 3} 630.8278
{txt}{space 7}pop_d {c |}{col 14}{res}{space 2} .5354804{col 26}{space 2} .5153798{col 37}{space 1}    1.04{col 46}{space 3}0.299{col 54}{space 4}-.4746453{col 67}{space 3} 1.545606
{txt}{space 7}pop_o {c |}{col 14}{res}{space 2} 48.50105{col 26}{space 2} 4.430494{col 37}{space 1}   10.95{col 46}{space 3}0.000{col 54}{space 4} 39.81744{col 67}{space 3} 57.18466
{txt}{space 6}gatt_d {c |}{col 14}{res}{space 2}-58.39782{col 26}{space 2} 73.65599{col 37}{space 1}   -0.79{col 46}{space 3}0.428{col 54}{space 4}-202.7609{col 67}{space 3} 85.96527
{txt}{space 8}eu_d {c |}{col 14}{res}{space 2}-97.23084{col 26}{space 2} 67.29345{col 37}{space 1}   -1.44{col 46}{space 3}0.148{col 54}{space 4}-229.1236{col 67}{space 3}  34.6619
{txt}{space 7}_cons {c |}{col 14}{res}{space 2}-4131.675{col 26}{space 2} 427.7618{col 37}{space 1}   -9.66{col 46}{space 3}0.000{col 54}{space 4}-4970.072{col 67}{space 3}-3293.277
{txt}{hline 13}{c +}{hline 11}{hline 11}{hline 9}{hline 8}{hline 13}{hline 12}
    /sigma_u {c |}{col 14}{res}{space 2} 844.9975{col 26}{space 2} 71.56583{col 37}{space 1}   11.81{col 46}{space 3}0.000{col 54}{space 4} 704.7311{col 67}{space 3}  985.264
{txt}    /sigma_e {c |}{col 14}{res}{space 2} 936.2996{col 26}{space 2} 21.12327{col 37}{space 1}   44.33{col 46}{space 3}0.000{col 54}{space 4} 894.8987{col 67}{space 3} 977.7004
{txt}{hline 13}{c +}{hline 11}{hline 11}{hline 9}{hline 8}{hline 13}{hline 12}
{col 1}         rho{col 14}{c |}{res}{space 2} .4488784{col 26}{space 2} .0418432{col 54}{space 4} .3685217{col 67}{space 3} .5313962
{txt}{hline 13}{c BT}{hline 11}{hline 11}{hline 9}{hline 8}{hline 13}{hline 12}
{res}         1,191{txt}  left-censored observations
{res}           993{txt}     uncensored observations
{res}             0{txt} right-censored observations

{com}. estimates store tobit2

. xttobit fditovnam dist bit contig pop_d pop_o gatt_d eu_d, ll(0)

{txt}Obtaining starting values for full model:

Iteration 0:   log likelihood = {res}-17358.102
{txt}Iteration 1:   log likelihood = {res}-17357.698
{txt}Iteration 2:   log likelihood = {res}-17357.698

{txt}Fitting full model:
{res}
{txt}Iteration 0:{space 3}log likelihood = {res:-8929.5467}  
Iteration 1:{space 3}log likelihood = {res:-8665.6619}  
Iteration 2:{space 3}log likelihood = {res:-8626.0405}  
Iteration 3:{space 3}log likelihood = {res:-8623.1921}  
Iteration 4:{space 3}log likelihood = {res: -8623.101}  
Iteration 5:{space 3}log likelihood = {res:-8623.1007}  
{res}
{txt}Random-effects tobit regression{col 49}Number of obs{col 67}={col 69}{res}     2,184
{txt}Group variable: {res}countrypair1{col 49}{txt}Number of groups{col 67}={col 69}{res}        91

{txt}Random effects u_i ~ {res}Gaussian{txt}{col 49}Obs per group:
{col 63}min{col 67}={col 69}{res}        24
{txt}{col 63}avg{col 67}={col 69}{res}      24.0
{txt}{col 63}max{col 67}={col 69}{res}        24

{txt}Integration method: {res}mvaghermite{txt}{col 49}Integration pts.{col 67}={col 70}{res}       12

{txt}{col 49}Wald chi2({res}7{txt}){col 67}={col 70}{res}   163.16
{txt}Log likelihood  = {res}-8623.1007{col 49}{txt}Prob > chi2{col 67}={res}{col 73}0.0000

{txt}{hline 13}{c TT}{hline 11}{hline 11}{hline 9}{hline 8}{hline 13}{hline 12}
{col 1}   fditovnam{col 14}{c |}      Coef.{col 26}   Std. Err.{col 38}      z{col 46}   P>|z|{col 54}     [95% Con{col 67}f. Interval]
{hline 13}{c +}{hline 11}{hline 11}{hline 9}{hline 8}{hline 13}{hline 12}
{space 8}dist {c |}{col 14}{res}{space 2}-.0760134{col 26}{space 2} .0214105{col 37}{space 1}   -3.55{col 46}{space 3}0.000{col 54}{space 4}-.1179771{col 67}{space 3}-.0340496
{txt}{space 9}bit {c |}{col 14}{res}{space 2} 20.76175{col 26}{space 2} 174.8854{col 37}{space 1}    0.12{col 46}{space 3}0.906{col 54}{space 4}-322.0073{col 67}{space 3} 363.5308
{txt}{space 6}contig {c |}{col 14}{res}{space 2}-416.2698{col 26}{space 2} 568.2951{col 37}{space 1}   -0.73{col 46}{space 3}0.464{col 54}{space 4}-1530.108{col 67}{space 3} 697.5681
{txt}{space 7}pop_d {c |}{col 14}{res}{space 2} .7093431{col 26}{space 2} .5086486{col 37}{space 1}    1.39{col 46}{space 3}0.163{col 54}{space 4}-.2875898{col 67}{space 3} 1.706276
{txt}{space 7}pop_o {c |}{col 14}{res}{space 2} 50.67298{col 26}{space 2} 4.466895{col 37}{space 1}   11.34{col 46}{space 3}0.000{col 54}{space 4} 41.91803{col 67}{space 3} 59.42793
{txt}{space 6}gatt_d {c |}{col 14}{res}{space 2}-59.14239{col 26}{space 2} 74.09475{col 37}{space 1}   -0.80{col 46}{space 3}0.425{col 54}{space 4}-204.3654{col 67}{space 3} 86.08065
{txt}{space 8}eu_d {c |}{col 14}{res}{space 2}-99.28525{col 26}{space 2} 67.75253{col 37}{space 1}   -1.47{col 46}{space 3}0.143{col 54}{space 4}-232.0778{col 67}{space 3} 33.50728
{txt}{space 7}_cons {c |}{col 14}{res}{space 2}-4202.089{col 26}{space 2} 436.8606{col 37}{space 1}   -9.62{col 46}{space 3}0.000{col 54}{space 4} -5058.32{col 67}{space 3}-3345.858
{txt}{hline 13}{c +}{hline 11}{hline 11}{hline 9}{hline 8}{hline 13}{hline 12}
    /sigma_u {c |}{col 14}{res}{space 2}  842.664{col 26}{space 2} 71.18005{col 37}{space 1}   11.84{col 46}{space 3}0.000{col 54}{space 4} 703.1537{col 67}{space 3} 982.1744
{txt}    /sigma_e {c |}{col 14}{res}{space 2} 940.7889{col 26}{space 2} 21.18167{col 37}{space 1}   44.42{col 46}{space 3}0.000{col 54}{space 4} 899.2736{col 67}{space 3} 982.3042
{txt}{hline 13}{c +}{hline 11}{hline 11}{hline 9}{hline 8}{hline 13}{hline 12}
{col 1}         rho{col 14}{c |}{res}{space 2} .4451465{col 26}{space 2} .0416228{col 54}{space 4} .3652814{col 67}{space 3} .5273101
{txt}{hline 13}{c BT}{hline 11}{hline 11}{hline 9}{hline 8}{hline 13}{hline 12}
{res}         1,191{txt}  left-censored observations
{res}           993{txt}     uncensored observations
{res}             0{txt} right-censored observations

{com}. estimates store tobit3

. xttobit fditovnam dist pittot_rta_or_bit contig pop_d pop_o gatt_d eu_d, ll(0)

{txt}Obtaining starting values for full model:

Iteration 0:   log likelihood = {res}-17357.745
{txt}Iteration 1:   log likelihood = {res}-17357.679
{txt}Iteration 2:   log likelihood = {res}-17357.679

{txt}Fitting full model:
{res}
{txt}Iteration 0:{space 3}log likelihood = {res:-8929.8881}  
Iteration 1:{space 3}log likelihood = {res: -8665.546}  
Iteration 2:{space 3}log likelihood = {res:-8625.9488}  
Iteration 3:{space 3}log likelihood = {res:-8623.1133}  
Iteration 4:{space 3}log likelihood = {res:-8623.0227}  
Iteration 5:{space 3}log likelihood = {res:-8623.0225}  
{res}
{txt}Random-effects tobit regression{col 49}Number of obs{col 67}={col 69}{res}     2,184
{txt}Group variable: {res}countrypair1{col 49}{txt}Number of groups{col 67}={col 69}{res}        91

{txt}Random effects u_i ~ {res}Gaussian{txt}{col 49}Obs per group:
{col 63}min{col 67}={col 69}{res}        24
{txt}{col 63}avg{col 67}={col 69}{res}      24.0
{txt}{col 63}max{col 67}={col 69}{res}        24

{txt}Integration method: {res}mvaghermite{txt}{col 49}Integration pts.{col 67}={col 70}{res}       12

{txt}{col 49}Wald chi2({res}6{txt}){col 67}={col 70}{res}        .
{txt}Log likelihood  = {res}-8623.0225{col 49}{txt}Prob > chi2{col 67}={res}{col 73}     .

{txt}{hline 18}{c TT}{hline 11}{hline 11}{hline 9}{hline 8}{hline 13}{hline 12}
{col 1}        fditovnam{col 19}{c |}      Coef.{col 31}   Std. Err.{col 43}      z{col 51}   P>|z|{col 59}     [95% Con{col 72}f. Interval]
{hline 18}{c +}{hline 11}{hline 11}{hline 9}{hline 8}{hline 13}{hline 12}
{space 13}dist {c |}{col 19}{res}{space 2} -.076059{col 31}{space 2}   .02141{col 42}{space 1}   -3.55{col 51}{space 3}0.000{col 59}{space 4}-.1180218{col 72}{space 3}-.0340962
{txt}pittot_rta_or_bit {c |}{col 19}{res}{space 2}-2.14e-13{col 31}{space 2} 5.19e-13{col 42}{space 1}   -0.41{col 51}{space 3}0.680{col 59}{space 4}-1.23e-12{col 72}{space 3} 8.03e-13
{txt}{space 11}contig {c |}{col 19}{res}{space 2}-415.4948{col 31}{space 2} 568.2332{col 42}{space 1}   -0.73{col 51}{space 3}0.465{col 59}{space 4}-1529.211{col 72}{space 3} 698.2218
{txt}{space 12}pop_d {c |}{col 19}{res}{space 2} .7077034{col 31}{space 2} .5085368{col 42}{space 1}    1.39{col 51}{space 3}0.164{col 59}{space 4}-.2890105{col 72}{space 3} 1.704417
{txt}{space 12}pop_o {c |}{col 19}{res}{space 2} 54.29051{col 31}{space 2} 10.03962{col 42}{space 1}    5.41{col 51}{space 3}0.000{col 59}{space 4} 34.61321{col 72}{space 3} 73.96781
{txt}{space 11}gatt_d {c |}{col 19}{res}{space 2}-59.02278{col 31}{space 2} 74.06392{col 42}{space 1}   -0.80{col 51}{space 3}0.425{col 59}{space 4}-204.1854{col 72}{space 3} 86.13985
{txt}{space 13}eu_d {c |}{col 19}{res}{space 2}-102.7569{col 31}{space 2} 68.07418{col 42}{space 1}   -1.51{col 51}{space 3}0.131{col 59}{space 4}-236.1798{col 72}{space 3} 30.66609
{txt}{space 12}_cons {c |}{col 19}{res}{space 2}-4474.141{col 31}{space 2} 807.0731{col 42}{space 1}   -5.54{col 51}{space 3}0.000{col 59}{space 4}-6055.975{col 72}{space 3}-2892.307
{txt}{hline 18}{c +}{hline 11}{hline 11}{hline 9}{hline 8}{hline 13}{hline 12}
         /sigma_u {c |}{col 19}{res}{space 2} 842.6623{col 31}{space 2} 71.17774{col 42}{space 1}   11.84{col 51}{space 3}0.000{col 59}{space 4} 703.1564{col 72}{space 3} 982.1681
{txt}         /sigma_e {c |}{col 19}{res}{space 2} 940.8471{col 31}{space 2} 21.18235{col 42}{space 1}   44.42{col 51}{space 3}0.000{col 59}{space 4} 899.3305{col 72}{space 3} 982.3638
{txt}{hline 18}{c +}{hline 11}{hline 11}{hline 9}{hline 8}{hline 13}{hline 12}
{col 1}              rho{col 19}{c |}{res}{space 2} .4451148{col 31}{space 2} .0416209{col 59}{space 4}  .365254{col 72}{space 3} .5272754
{txt}{hline 18}{c BT}{hline 11}{hline 11}{hline 9}{hline 8}{hline 13}{hline 12}
{res}         1,191{txt}  left-censored observations
{res}           993{txt}     uncensored observations
{res}             0{txt} right-censored observations

{com}. estimates store tobit4

. xttobit fditovnam dist pibtotrta contig pop_d pop_o gatt_d eu_d, ll(0)

{txt}Obtaining starting values for full model:

Iteration 0:   log likelihood = {res}-17357.792
{txt}Iteration 1:   log likelihood = {res}-17357.727
{txt}Iteration 2:   log likelihood = {res}-17357.727

{txt}Fitting full model:
{res}
{txt}Iteration 0:{space 3}log likelihood = {res:-8929.9367}  
Iteration 1:{space 3}log likelihood = {res:-8665.5185}  
Iteration 2:{space 3}log likelihood = {res:-8625.9179}  
Iteration 3:{space 3}log likelihood = {res:-8623.0822}  
Iteration 4:{space 3}log likelihood = {res:-8622.9916}  
Iteration 5:{space 3}log likelihood = {res:-8622.9913}  
{res}
{txt}Random-effects tobit regression{col 49}Number of obs{col 67}={col 69}{res}     2,184
{txt}Group variable: {res}countrypair1{col 49}{txt}Number of groups{col 67}={col 69}{res}        91

{txt}Random effects u_i ~ {res}Gaussian{txt}{col 49}Obs per group:
{col 63}min{col 67}={col 69}{res}        24
{txt}{col 63}avg{col 67}={col 69}{res}      24.0
{txt}{col 63}max{col 67}={col 69}{res}        24

{txt}Integration method: {res}mvaghermite{txt}{col 49}Integration pts.{col 67}={col 70}{res}       12

{txt}{col 49}Wald chi2({res}6{txt}){col 67}={col 70}{res}        .
{txt}Log likelihood  = {res}-8622.9913{col 49}{txt}Prob > chi2{col 67}={res}{col 73}     .

{txt}{hline 13}{c TT}{hline 11}{hline 11}{hline 9}{hline 8}{hline 13}{hline 12}
{col 1}   fditovnam{col 14}{c |}      Coef.{col 26}   Std. Err.{col 38}      z{col 46}   P>|z|{col 54}     [95% Con{col 67}f. Interval]
{hline 13}{c +}{hline 11}{hline 11}{hline 9}{hline 8}{hline 13}{hline 12}
{space 8}dist {c |}{col 14}{res}{space 2} -.076066{col 26}{space 2}   .02141{col 37}{space 1}   -3.55{col 46}{space 3}0.000{col 54}{space 4}-.1180289{col 67}{space 3}-.0341031
{txt}{space 3}pibtotrta {c |}{col 14}{res}{space 2}-2.47e-13{col 26}{space 2} 5.12e-13{col 37}{space 1}   -0.48{col 46}{space 3}0.630{col 54}{space 4}-1.25e-12{col 67}{space 3} 7.56e-13
{txt}{space 6}contig {c |}{col 14}{res}{space 2}-415.5446{col 26}{space 2} 568.2347{col 37}{space 1}   -0.73{col 46}{space 3}0.465{col 54}{space 4}-1529.264{col 67}{space 3}  698.175
{txt}{space 7}pop_d {c |}{col 14}{res}{space 2} .7076684{col 26}{space 2}   .50854{col 37}{space 1}    1.39{col 46}{space 3}0.164{col 54}{space 4}-.2890516{col 67}{space 3} 1.704388
{txt}{space 7}pop_o {c |}{col 14}{res}{space 2} 54.71063{col 26}{space 2} 9.654424{col 37}{space 1}    5.67{col 46}{space 3}0.000{col 54}{space 4} 35.78831{col 67}{space 3} 73.63295
{txt}{space 6}gatt_d {c |}{col 14}{res}{space 2}-59.02539{col 26}{space 2} 74.06671{col 37}{space 1}   -0.80{col 46}{space 3}0.425{col 54}{space 4}-204.1935{col 67}{space 3} 86.14269
{txt}{space 8}eu_d {c |}{col 14}{res}{space 2}-103.2196{col 26}{space 2} 68.06429{col 37}{space 1}   -1.52{col 46}{space 3}0.129{col 54}{space 4}-236.6232{col 67}{space 3} 30.18393
{txt}{space 7}_cons {c |}{col 14}{res}{space 2}-4509.221{col 26}{space 2}  785.518{col 37}{space 1}   -5.74{col 46}{space 3}0.000{col 54}{space 4}-6048.808{col 67}{space 3}-2969.634
{txt}{hline 13}{c +}{hline 11}{hline 11}{hline 9}{hline 8}{hline 13}{hline 12}
    /sigma_u {c |}{col 14}{res}{space 2} 842.6628{col 26}{space 2} 71.17736{col 37}{space 1}   11.84{col 46}{space 3}0.000{col 54}{space 4} 703.1578{col 67}{space 3} 982.1679
{txt}    /sigma_e {c |}{col 14}{res}{space 2} 940.8566{col 26}{space 2} 21.18257{col 37}{space 1}   44.42{col 46}{space 3}0.000{col 54}{space 4} 899.3395{col 67}{space 3} 982.3737
{txt}{hline 13}{c +}{hline 11}{hline 11}{hline 9}{hline 8}{hline 13}{hline 12}
{col 1}         rho{col 14}{c |}{res}{space 2} .4451102{col 26}{space 2} .0416206{col 54}{space 4} .3652501{col 67}{space 3} .5272702
{txt}{hline 13}{c BT}{hline 11}{hline 11}{hline 9}{hline 8}{hline 13}{hline 12}
{res}         1,191{txt}  left-censored observations
{res}           993{txt}     uncensored observations
{res}             0{txt} right-censored observations

{com}. estimates store tobit5

. xttobit fditovnam dist pibtotbit contig pop_d pop_o gatt_d eu_d, ll(0)

{txt}Obtaining starting values for full model:

Iteration 0:   log likelihood = {res}-17358.223
{txt}Iteration 1:   log likelihood = {res}-17358.159
{txt}Iteration 2:   log likelihood = {res}-17358.159

{txt}Fitting full model:
{res}
{txt}Iteration 0:{space 3}log likelihood = {res:-8928.3156}  
Iteration 1:{space 3}log likelihood = {res:-8661.6924}  
Iteration 2:{space 3}log likelihood = {res:-8621.7973}  
Iteration 3:{space 3}log likelihood = {res: -8618.914}  
Iteration 4:{space 3}log likelihood = {res:-8618.8204}  
Iteration 5:{space 3}log likelihood = {res:-8618.8202}  
{res}
{txt}Random-effects tobit regression{col 49}Number of obs{col 67}={col 69}{res}     2,184
{txt}Group variable: {res}countrypair1{col 49}{txt}Number of groups{col 67}={col 69}{res}        91

{txt}Random effects u_i ~ {res}Gaussian{txt}{col 49}Obs per group:
{col 63}min{col 67}={col 69}{res}        24
{txt}{col 63}avg{col 67}={col 69}{res}      24.0
{txt}{col 63}max{col 67}={col 69}{res}        24

{txt}Integration method: {res}mvaghermite{txt}{col 49}Integration pts.{col 67}={col 70}{res}       12

{txt}{col 49}Wald chi2({res}6{txt}){col 67}={col 70}{res}        .
{txt}Log likelihood  = {res}-8618.8202{col 49}{txt}Prob > chi2{col 67}={res}{col 73}     .

{txt}{hline 13}{c TT}{hline 11}{hline 11}{hline 9}{hline 8}{hline 13}{hline 12}
{col 1}   fditovnam{col 14}{c |}      Coef.{col 26}   Std. Err.{col 38}      z{col 46}   P>|z|{col 54}     [95% Con{col 67}f. Interval]
{hline 13}{c +}{hline 11}{hline 11}{hline 9}{hline 8}{hline 13}{hline 12}
{space 8}dist {c |}{col 14}{res}{space 2} -.076466{col 26}{space 2} .0214066{col 37}{space 1}   -3.57{col 46}{space 3}0.000{col 54}{space 4}-.1184222{col 67}{space 3}-.0345098
{txt}{space 3}pibtotbit {c |}{col 14}{res}{space 2} 5.19e-11{col 26}{space 2} 1.78e-11{col 37}{space 1}    2.92{col 46}{space 3}0.003{col 54}{space 4} 1.71e-11{col 67}{space 3} 8.68e-11
{txt}{space 6}contig {c |}{col 14}{res}{space 2}-418.4867{col 26}{space 2} 568.1201{col 37}{space 1}   -0.74{col 46}{space 3}0.461{col 54}{space 4}-1531.982{col 67}{space 3} 695.0083
{txt}{space 7}pop_d {c |}{col 14}{res}{space 2} .7068407{col 26}{space 2} .5083635{col 37}{space 1}    1.39{col 46}{space 3}0.164{col 54}{space 4}-.2895334{col 67}{space 3} 1.703215
{txt}{space 7}pop_o {c |}{col 14}{res}{space 2} 15.51703{col 26}{space 2} 12.70433{col 37}{space 1}    1.22{col 46}{space 3}0.222{col 54}{space 4}-9.383006{col 67}{space 3} 40.41707
{txt}{space 6}gatt_d {c |}{col 14}{res}{space 2}-49.34794{col 26}{space 2}  74.0764{col 37}{space 1}   -0.67{col 46}{space 3}0.505{col 54}{space 4} -194.535{col 67}{space 3} 95.83913
{txt}{space 8}eu_d {c |}{col 14}{res}{space 2}-100.2914{col 26}{space 2} 67.59595{col 37}{space 1}   -1.48{col 46}{space 3}0.138{col 54}{space 4} -232.777{col 67}{space 3} 32.19422
{txt}{space 7}_cons {c |}{col 14}{res}{space 2}-2167.663{col 26}{space 2} 809.9611{col 37}{space 1}   -2.68{col 46}{space 3}0.007{col 54}{space 4}-3755.157{col 67}{space 3}-580.1681
{txt}{hline 13}{c +}{hline 11}{hline 11}{hline 9}{hline 8}{hline 13}{hline 12}
    /sigma_u {c |}{col 14}{res}{space 2} 842.5123{col 26}{space 2} 71.12083{col 37}{space 1}   11.85{col 46}{space 3}0.000{col 54}{space 4} 703.1181{col 67}{space 3} 981.9066
{txt}    /sigma_e {c |}{col 14}{res}{space 2} 939.1261{col 26}{space 2}  21.1326{col 37}{space 1}   44.44{col 46}{space 3}0.000{col 54}{space 4} 897.7069{col 67}{space 3} 980.5452
{txt}{hline 13}{c +}{hline 11}{hline 11}{hline 9}{hline 8}{hline 13}{hline 12}
{col 1}         rho{col 14}{c |}{res}{space 2} .4459315{col 26}{space 2} .0416129{col 54}{space 4} .3660681{col 67}{space 3} .5280588
{txt}{hline 13}{c BT}{hline 11}{hline 11}{hline 9}{hline 8}{hline 13}{hline 12}
{res}         1,191{txt}  left-censored observations
{res}           993{txt}     uncensored observations
{res}             0{txt} right-censored observations

{com}. estimates store tobit6

. estimates table tobit1 tobit2 tobit3 tobit4 tobit5 tobit6, stats(N ll chi2 aic bic)
{res}
{txt}{hline 12}{c -}{c TT}{c -}{hline 10}{c -}{c -}{c -}{hline 10}{c -}{c -}{c -}{hline 10}{c -}{c -}{c -}{hline 10}{c -}{c -}{c -}{hline 10}{c -}{c -}{c -}{hline 10}{c -}{c -}
{ralign 12:Variable} {c |} {center 10:tobit1} {space 1} {center 10:tobit2} {space 1} {center 10:tobit3} {space 1} {center 10:tobit4} {space 1} {center 10:tobit5} {space 1} {center 10:tobit6} {space 1}
{hline 12}{c -}{c +}{c -}{hline 10}{c -}{c -}{c -}{hline 10}{c -}{c -}{c -}{hline 10}{c -}{c -}{c -}{hline 10}{c -}{c -}{c -}{hline 10}{c -}{c -}{c -}{hline 10}{c -}{c -}
{res}fditovnam    {txt}{c |}
{res}{txt}gdp_investor {c |}{res} {ralign 10:1.036e-10}{txt} {space 1}{res} {ralign 10:}{txt} {space 1}{res} {ralign 10:}{txt} {space 1}{res} {ralign 10:}{txt} {space 1}{res} {ralign 10:}{txt} {space 1}{res} {ralign 10:}{txt} {space 1}
{res}{txt}{space 1}gdp_vietnam {c |}{res} {ralign 10:8.438e-10}{txt} {space 1}{res} {ralign 10:}{txt} {space 1}{res} {ralign 10:}{txt} {space 1}{res} {ralign 10:}{txt} {space 1}{res} {ralign 10:}{txt} {space 1}{res} {ralign 10:}{txt} {space 1}
{res}{txt}{space 8}dist {c |}{res} {ralign 10:-.08102335}{txt} {space 1}{res} {ralign 10:-.07094616}{txt} {space 1}{res} {ralign 10:-.07601339}{txt} {space 1}{res} {ralign 10:-.07605899}{txt} {space 1}{res} {ralign 10:-.07606601}{txt} {space 1}{res} {ralign 10:-.07646597}{txt} {space 1}
{res}{txt}{space 6}contig {c |}{res} {ralign 10:-365.57385}{txt} {space 1}{res} {ralign 10:-486.9366}{txt} {space 1}{res} {ralign 10:-416.26977}{txt} {space 1}{res} {ralign 10:-415.49482}{txt} {space 1}{res} {ralign 10:-415.54455}{txt} {space 1}{res} {ralign 10:-418.4867}{txt} {space 1}
{res}{txt}{space 7}pop_d {c |}{res} {ralign 10:.17909563}{txt} {space 1}{res} {ralign 10:.53548043}{txt} {space 1}{res} {ralign 10:.70934313}{txt} {space 1}{res} {ralign 10:.7077034}{txt} {space 1}{res} {ralign 10:.70766841}{txt} {space 1}{res} {ralign 10:.70684074}{txt} {space 1}
{res}{txt}{space 7}pop_o {c |}{res} {ralign 10:36.624146}{txt} {space 1}{res} {ralign 10:48.501051}{txt} {space 1}{res} {ralign 10:50.672978}{txt} {space 1}{res} {ralign 10:54.290509}{txt} {space 1}{res} {ralign 10:54.710632}{txt} {space 1}{res} {ralign 10:15.517032}{txt} {space 1}
{res}{txt}{space 6}gatt_d {c |}{res} {ralign 10:-50.156505}{txt} {space 1}{res} {ralign 10:-58.397816}{txt} {space 1}{res} {ralign 10:-59.142394}{txt} {space 1}{res} {ralign 10:-59.02278}{txt} {space 1}{res} {ralign 10:-59.025394}{txt} {space 1}{res} {ralign 10:-49.347943}{txt} {space 1}
{res}{txt}{space 8}eu_d {c |}{res} {ralign 10:-86.903575}{txt} {space 1}{res} {ralign 10:-97.230835}{txt} {space 1}{res} {ralign 10:-99.285249}{txt} {space 1}{res} {ralign 10:-102.75685}{txt} {space 1}{res} {ralign 10:-103.21963}{txt} {space 1}{res} {ralign 10:-100.2914}{txt} {space 1}
{res}{txt}{space 9}rta {c |}{res} {ralign 10:}{txt} {space 1}{res} {ralign 10:319.67463}{txt} {space 1}{res} {ralign 10:}{txt} {space 1}{res} {ralign 10:}{txt} {space 1}{res} {ralign 10:}{txt} {space 1}{res} {ralign 10:}{txt} {space 1}
{res}{txt}{space 9}bit {c |}{res} {ralign 10:}{txt} {space 1}{res} {ralign 10:}{txt} {space 1}{res} {ralign 10:20.761747}{txt} {space 1}{res} {ralign 10:}{txt} {space 1}{res} {ralign 10:}{txt} {space 1}{res} {ralign 10:}{txt} {space 1}
{res}{txt}pittot_rta~t {c |}{res} {ralign 10:}{txt} {space 1}{res} {ralign 10:}{txt} {space 1}{res} {ralign 10:}{txt} {space 1}{res} {ralign 10:-2.141e-13}{txt} {space 1}{res} {ralign 10:}{txt} {space 1}{res} {ralign 10:}{txt} {space 1}
{res}{txt}{space 3}pibtotrta {c |}{res} {ralign 10:}{txt} {space 1}{res} {ralign 10:}{txt} {space 1}{res} {ralign 10:}{txt} {space 1}{res} {ralign 10:}{txt} {space 1}{res} {ralign 10:-2.470e-13}{txt} {space 1}{res} {ralign 10:}{txt} {space 1}
{res}{txt}{space 3}pibtotbit {c |}{res} {ralign 10:}{txt} {space 1}{res} {ralign 10:}{txt} {space 1}{res} {ralign 10:}{txt} {space 1}{res} {ralign 10:}{txt} {space 1}{res} {ralign 10:}{txt} {space 1}{res} {ralign 10:5.193e-11}{txt} {space 1}
{res}{txt}{space 7}_cons {c |}{res} {ralign 10:-3097.3318}{txt} {space 1}{res} {ralign 10:-4131.6745}{txt} {space 1}{res} {ralign 10:-4202.0892}{txt} {space 1}{res} {ralign 10:-4474.141}{txt} {space 1}{res} {ralign 10:-4509.221}{txt} {space 1}{res} {ralign 10:-2167.6627}{txt} {space 1}
{hline 12}{c -}{c +}{c -}{hline 10}{c -}{c -}{c -}{hline 10}{c -}{c -}{c -}{hline 10}{c -}{c -}{c -}{hline 10}{c -}{c -}{c -}{hline 10}{c -}{c -}{c -}{hline 10}{c -}{c -}
{res}sigma_u      {txt}{c |}
{res}{txt}{space 7}_cons {c |}{res} {ralign 10:778.97167}{txt} {space 1}{res} {ralign 10:844.99754}{txt} {space 1}{res} {ralign 10:842.66405}{txt} {space 1}{res} {ralign 10:842.66226}{txt} {space 1}{res} {ralign 10:842.66285}{txt} {space 1}{res} {ralign 10:842.51234}{txt} {space 1}
{hline 12}{c -}{c +}{c -}{hline 10}{c -}{c -}{c -}{hline 10}{c -}{c -}{c -}{hline 10}{c -}{c -}{c -}{hline 10}{c -}{c -}{c -}{hline 10}{c -}{c -}{c -}{hline 10}{c -}{c -}
{res}sigma_e      {txt}{c |}
{res}{txt}{space 7}_cons {c |}{res} {ralign 10:936.65682}{txt} {space 1}{res} {ralign 10:936.29955}{txt} {space 1}{res} {ralign 10:940.78889}{txt} {space 1}{res} {ralign 10:940.84712}{txt} {space 1}{res} {ralign 10:940.8566}{txt} {space 1}{res} {ralign 10:939.12608}{txt} {space 1}
{hline 12}{c -}{c +}{c -}{hline 10}{c -}{c -}{c -}{hline 10}{c -}{c -}{c -}{hline 10}{c -}{c -}{c -}{hline 10}{c -}{c -}{c -}{hline 10}{c -}{c -}{c -}{hline 10}{c -}{c -}
{res}{lalign 12:Statistics}{txt} {c |} {center 10:} {space 1} {center 10:} {space 1} {center 10:} {space 1} {center 10:} {space 1} {center 10:} {space 1} {center 10:} {space 1}
{ralign 12:N} {c |}{res} {ralign 10:2184}{txt} {space 1}{res} {ralign 10:2184}{txt} {space 1}{res} {ralign 10:2184}{txt} {space 1}{res} {ralign 10:2184}{txt} {space 1}{res} {ralign 10:2184}{txt} {space 1}{res} {ralign 10:2184}{txt} {space 1}
{ralign 12:ll} {c |}{res} {ralign 10:-8617.268}{txt} {space 1}{res} {ralign 10:-8620.6057}{txt} {space 1}{res} {ralign 10:-8623.1007}{txt} {space 1}{res} {ralign 10:-8623.0225}{txt} {space 1}{res} {ralign 10:-8622.9913}{txt} {space 1}{res} {ralign 10:-8618.8202}{txt} {space 1}
{ralign 12:chi2} {c |}{res} {ralign 10:.}{txt} {space 1}{res} {ralign 10:169.3254}{txt} {space 1}{res} {ralign 10:163.1583}{txt} {space 1}{res} {ralign 10:.}{txt} {space 1}{res} {ralign 10:.}{txt} {space 1}{res} {ralign 10:.}{txt} {space 1}
{ralign 12:aic} {c |}{res} {ralign 10:17254.536}{txt} {space 1}{res} {ralign 10:17261.211}{txt} {space 1}{res} {ralign 10:17266.201}{txt} {space 1}{res} {ralign 10:17264.045}{txt} {space 1}{res} {ralign 10:17263.983}{txt} {space 1}{res} {ralign 10:17255.64}{txt} {space 1}
{ralign 12:bic} {c |}{res} {ralign 10:17311.425}{txt} {space 1}{res} {ralign 10:17318.101}{txt} {space 1}{res} {ralign 10:17323.091}{txt} {space 1}{res} {ralign 10:17315.245}{txt} {space 1}{res} {ralign 10:17315.183}{txt} {space 1}{res} {ralign 10:17306.841}{txt} {space 1}
{hline 12}{c -}{c BT}{c -}{hline 10}{c -}{c -}{c -}{hline 10}{c -}{c -}{c -}{hline 10}{c -}{c -}{c -}{hline 10}{c -}{c -}{c -}{hline 10}{c -}{c -}{c -}{hline 10}{c -}{c -}

{com}. log close
      {txt}name:  {res}<unnamed>
       {txt}log:  {res}/Users/tranngocmai/Documents/ULAVAL/A-2019/recherche/avril 2020/chay stata/dữ liệu khác/01.11.smcl
  {txt}log type:  {res}smcl
 {txt}closed on:  {res} 1 Nov 2020, 00:43:46
{txt}{.-}
{smcl}
{txt}{sf}{ul off}